

HI-TECH Software PIC LITE Macro Assembler V9.81 build 7503 
                                                                                               Fri Sep 01 09:45:45 2023

HI-TECH Software Omniscient Code Generator (Lite mode) build 7503
     1  0000                     opt subtitle "HI-TECH Software Omniscient Code Generator (Lite mode) build 7503"
     2                           
     3                           opt pagewidth 120
     4                           
     5                           	opt lm
     6                           
     7                           	processor	16F877A
     8                           clrc	macro
     9                           	bcf	3,0
    10  0000                     	endm
    11                           clrz	macro
    12                           	bcf	3,2
    13  0000                     	endm
    14                           setc	macro
    15                           	bsf	3,0
    16  0000                     	endm
    17                           setz	macro
    18                           	bsf	3,2
    19  0000                     	endm
    20                           skipc	macro
    21                           	btfss	3,0
    22  0000                     	endm
    23                           skipz	macro
    24                           	btfss	3,2
    25  0000                     	endm
    26                           skipnc	macro
    27                           	btfsc	3,0
    28  0000                     	endm
    29                           skipnz	macro
    30                           	btfsc	3,2
    31  0000                     	endm
    32  0000                     indf	equ	0
    33  0000                     indf0	equ	0
    34  0002                     pc	equ	2
    35  0002                     pcl	equ	2
    36  0003                     status	equ	3
    37  0004                     fsr	equ	4
    38  0004                     fsr0	equ	4
    39  0001                     c	equ	1
    40  0000                     z	equ	0
    41  000A                     pclath	equ	10
    42                           # 2 "G:\PIC ass\7SEGMENT\7segWitharr\stop.c"
    43                           	psect config,class=CONFIG,delta=2 ;#
    44                           # 2 "G:\PIC ass\7SEGMENT\7segWitharr\stop.c"
    45  2007  1F7A               	dw 0x1f7a ;#
    46                           	FNROOT	_main
    47                           	global	main@F1084
    48                           psect	idataBANK0,class=CODE,space=0,delta=2
    49                           global __pidataBANK0
    50  06ED                     __pidataBANK0:
    51                           	file	"G:\PIC ass\7SEGMENT\7segWitharr\stop.c"
    52                           	line	9
    53                           
    54                           ;initializer for main@F1084
    55  06ED  34C0               	retlw	0C0h
    56  06EE  3400               	retlw	0
    57                           
    58  06EF  34F9               	retlw	0F9h
    59  06F0  3400               	retlw	0
    60                           
    61  06F1  34A4               	retlw	0A4h
    62  06F2  3400               	retlw	0
    63                           
    64  06F3  34B0               	retlw	0B0h
    65  06F4  3400               	retlw	0
    66                           
    67  06F5  3499               	retlw	099h
    68  06F6  3400               	retlw	0
    69                           
    70  06F7  3492               	retlw	092h
    71  06F8  3400               	retlw	0
    72                           
    73  06F9  3482               	retlw	082h
    74  06FA  3400               	retlw	0
    75                           
    76  06FB  34F8               	retlw	0F8h
    77  06FC  3400               	retlw	0
    78                           
    79  06FD  3480               	retlw	080h
    80  06FE  3400               	retlw	0
    81                           
    82  06FF  3490               	retlw	090h
    83  0700  3400               	retlw	0
    84                           
    85                           	global	_PORTB
    86  0006                     _PORTB	set	6
    87                           	global	_RC0
    88  0038                     _RC0	set	56
    89                           	global	_RD0
    90  0040                     _RD0	set	64
    91                           	global	_RD1
    92  0041                     _RD1	set	65
    93                           	global	_TRISB
    94  0086                     _TRISB	set	134
    95                           	global	_TRISD
    96  0088                     _TRISD	set	136
    97                           	global	_TRISC0
    98  0438                     _TRISC0	set	1080
    99                           	file	"stopled.as"
   100                           	line	#
   101                           psect cinit,class=CODE,delta=2
   102                           global start_initialization
   103  06DB                     start_initialization:
   104                           
   105                           psect	dataBANK0,class=BANK0,space=1
   106                           global __pdataBANK0
   107  003A                     __pdataBANK0:
   108                           	file	"G:\PIC ass\7SEGMENT\7segWitharr\stop.c"
   109  003A                     main@F1084:
   110  003A                            ds      20
   111                           
   112                           global btemp
   113                           psect inittext,class=CODE,delta=2
   114                           global init_fetch,btemp
   115                           ;	Called with low address in FSR and high address in W
   116  06CA                     init_fetch:
   117  06CA  087E               	movf btemp,w
   118  06CB  008A               	movwf pclath
   119  06CC  087F               	movf btemp+1,w
   120  06CD  0082               	movwf pc
   121                           global init_ram
   122                           ;Called with:
   123                           ;	high address of idata address in btemp 
   124                           ;	low address of idata address in btemp+1 
   125                           ;	low address of data in FSR
   126                           ;	high address + 1 of data in btemp-1
   127  06CE                     init_ram:
   128  06CE  26CA  120A  118A   	fcall init_fetch
   129  06D1  0080               	movwf indf,f
   130  06D2  0A84               	incf fsr,f
   131  06D3  0804               	movf fsr,w
   132  06D4  067D               	xorwf btemp-1,w
   133  06D5  1903               	btfsc status,2
   134  06D6  3400               	retlw 0
   135  06D7  0AFF               	incf btemp+1,f
   136  06D8  1903               	btfsc status,2
   137  06D9  0AFE               	incf btemp,f
   138  06DA  2ECE               	goto init_ram
   139                           ; Initialize objects allocated to BANK0
   140                           psect cinit,class=CODE,delta=2
   141                           global init_ram, __pidataBANK0
   142  06DB  1383               	bcf	status, 7	;select IRP bank0
   143  06DC  304E               	movlw low(__pdataBANK0+20)
   144  06DD  00FD               	movwf btemp-1,f
   145  06DE  3006               	movlw high(__pidataBANK0)
   146  06DF  00FE               	movwf btemp,f
   147  06E0  30ED               	movlw low(__pidataBANK0)
   148  06E1  00FF               	movwf btemp+1,f
   149  06E2  303A               	movlw low(__pdataBANK0)
   150  06E3  0084               	movwf fsr,f
   151  06E4  120A  118A  26CE   	fcall init_ram
              120A  118A         
   152                           psect cinit,class=CODE,delta=2
   153                           global end_of_initialization
   154                           
   155                           ;End of C runtime variable initialization code
   156                           
   157  06E9                     end_of_initialization:
   158  06E9  0183               clrf status
   159  06EA  120A  118A  2F01   ljmp _main	;jump to C main() function
   160                           psect	cstackCOMMON,class=COMMON,space=1
   161                           global __pcstackCOMMON
   162  0070                     __pcstackCOMMON:
   163                           	global	?_main
   164  0070                     ?_main:	; 0 bytes @ 0x0
   165                           	global	??_main
   166  0070                     ??_main:	; 0 bytes @ 0x0
   167  0070                     	ds	4
   168                           psect	cstackBANK0,class=BANK0,space=1
   169                           global __pcstackBANK0
   170  0020                     __pcstackBANK0:
   171                           	global	main@arr
   172  0020                     main@arr:	; 20 bytes @ 0x0
   173  0020                     	ds	20
   174                           	global	main@k
   175  0034                     main@k:	; 2 bytes @ 0x14
   176  0034                     	ds	2
   177                           	global	main@i
   178  0036                     main@i:	; 2 bytes @ 0x16
   179  0036                     	ds	2
   180                           	global	main@j
   181  0038                     main@j:	; 2 bytes @ 0x18
   182  0038                     	ds	2
   183 ;;Data sizes: Strings 0, constant 0, data 20, bss 0, persistent 0 stack 0
   184 ;;Auto spaces:   Size  Autos    Used
   185 ;; COMMON          14      4       4
   186 ;; BANK0           80     26      46
   187 ;; BANK1           80      0       0
   188 ;; BANK3           96      0       0
   189 ;; BANK2           96      0       0
   190                           
   191 ;;
   192 ;; Pointer list with targets:
   193                           
   194                           
   195                           
   196 ;;
   197 ;; Critical Paths under _main in COMMON
   198 ;;
   199 ;;   None.
   200 ;;
   201 ;; Critical Paths under _main in BANK0
   202 ;;
   203 ;;   None.
   204 ;;
   205 ;; Critical Paths under _main in BANK1
   206 ;;
   207 ;;   None.
   208 ;;
   209 ;; Critical Paths under _main in BANK3
   210 ;;
   211 ;;   None.
   212 ;;
   213 ;; Critical Paths under _main in BANK2
   214 ;;
   215 ;;   None.
   216                           
   217 ;;
   218 ;;Main: autosize = 0, tempsize = 4, incstack = 0, save=0
   219 ;;
   220                           
   221 ;;
   222 ;;Call Graph Tables:
   223 ;;
   224 ;; ---------------------------------------------------------------------------------
   225 ;; (Depth) Function   	        Calls       Base Space   Used Autos Params    Refs
   226 ;; ---------------------------------------------------------------------------------
   227 ;; (0) _main                                                30    30      0     319
   228 ;;                                              0 COMMON     4     4      0
   229 ;;                                              0 BANK0     26    26      0
   230 ;; ---------------------------------------------------------------------------------
   231 ;; Estimated maximum stack depth 0
   232 ;; ---------------------------------------------------------------------------------
   233                           
   234 ;; Call Graph Graphs:
   235                           
   236 ;; _main (ROOT)
   237 ;;
   238                           
   239 ;; Address spaces:
   240                           
   241 ;;Name               Size   Autos  Total    Cost      Usage
   242 ;;BANK3               60      0       0       9        0.0%
   243 ;;BITBANK3            60      0       0       8        0.0%
   244 ;;SFR3                 0      0       0       4        0.0%
   245 ;;BITSFR3              0      0       0       4        0.0%
   246 ;;BANK2               60      0       0      11        0.0%
   247 ;;BITBANK2            60      0       0      10        0.0%
   248 ;;SFR2                 0      0       0       5        0.0%
   249 ;;BITSFR2              0      0       0       5        0.0%
   250 ;;SFR1                 0      0       0       2        0.0%
   251 ;;BITSFR1              0      0       0       2        0.0%
   252 ;;BANK1               50      0       0       7        0.0%
   253 ;;BITBANK1            50      0       0       6        0.0%
   254 ;;CODE                 0      0       0       0        0.0%
   255 ;;DATA                 0      0      32      12        0.0%
   256 ;;ABS                  0      0      32       3        0.0%
   257 ;;NULL                 0      0       0       0        0.0%
   258 ;;STACK                0      0       0       2        0.0%
   259 ;;BANK0               50     1A      2E       5       57.5%
   260 ;;BITBANK0            50      0       0       4        0.0%
   261 ;;SFR0                 0      0       0       1        0.0%
   262 ;;BITSFR0              0      0       0       1        0.0%
   263 ;;COMMON               E      4       4       1       28.6%
   264 ;;BITCOMMON            E      0       0       0        0.0%
   265 ;;EEDATA             100      0       0       0        0.0%
   266                           
   267                           	global	_main
   268                           psect	maintext,global,class=CODE,delta=2
   269                           global __pmaintext
   270  0701                     __pmaintext:
   271                           
   272 ;; *************** function _main *****************
   273 ;; Defined at:
   274 ;;		line 5 in file "G:\PIC ass\7SEGMENT\7segWitharr\stop.c"
   275 ;; Parameters:    Size  Location     Type
   276 ;;		None
   277 ;; Auto vars:     Size  Location     Type
   278 ;;  k               2   20[BANK0 ] int 
   279 ;;  j               2   24[BANK0 ] int 
   280 ;;  i               2   22[BANK0 ] int 
   281 ;;  arr            20    0[BANK0 ] int [10]
   282 ;; Return value:  Size  Location     Type
   283 ;;		None               void
   284 ;; Registers used:
   285 ;;		wreg, fsr0l, fsr0h, status,2, status,0, btemp+1
   286 ;; Tracked objects:
   287 ;;		On entry : 17F/0
   288 ;;		On exit  : 0/0
   289 ;;		Unchanged: 0/0
   290 ;; Data sizes:     COMMON   BANK0   BANK1   BANK3   BANK2
   291 ;;      Params:         0       0       0       0       0
   292 ;;      Locals:         0      26       0       0       0
   293 ;;      Temps:          4       0       0       0       0
   294 ;;      Totals:         4      26       0       0       0
   295 ;;Total ram usage:       30 bytes
   296 ;; This function calls:
   297 ;;		Nothing
   298 ;; This function is called by:
   299 ;;		Startup code after reset
   300 ;; This function uses a non-reentrant model
   301 ;;
   302                           psect	maintext
   303                           	file	"G:\PIC ass\7SEGMENT\7segWitharr\stop.c"
   304                           	line	5
   305                           	global	__size_of_main
   306  00FF                     	__size_of_main	equ	__end_of_main-_main
   307                           	
   308  0701                     _main:	
   309                           	opt	stack 8
   310                           ; Regs used in _main: [wreg-fsr0h+status,2+status,0+btemp+1]
   311                           	line	6
   312                           	
   313  0701                     l1907:	
   314                           ;stop.c: 6: TRISB=0;
   315  0701  1683               	bsf	status, 5	;RP0=1, select bank1
   316  0702  1303               	bcf	status, 6	;RP1=0, select bank1
   317  0703  0186               	clrf	(134)^080h	;volatile
   318                           	line	7
   319                           ;stop.c: 7: TRISD=0;
   320  0704  0188               	clrf	(136)^080h	;volatile
   321                           	line	8
   322                           	
   323  0705                     l1909:	
   324                           ;stop.c: 8: TRISC0=1;
   325  0705  1407               	bsf	(1080/8)^080h,(1080)&7
   326                           	line	9
   327                           	
   328  0706                     l1911:	
   329                           ;stop.c: 9: int arr[10]={0xc0,0xf9,0xa4,0xb0,0x99,0x92,0x82,0xf8,0x80,0x90};
   330  0706  3020               	movlw	(main@arr)&0ffh
   331  0707  0084               	movwf	fsr0
   332  0708  303A               	movlw	low(main@F1084)
   333  0709  00F0               	movwf	(??_main+0)+0
   334  070A  0804               	movf	fsr0,w
   335  070B  00F1               	movwf	((??_main+0)+0+1)
   336  070C  3014               	movlw	20
   337  070D  00F2               	movwf	((??_main+0)+0+2)
   338  070E                     u2230:
   339  070E  0870               	movf	(??_main+0)+0,w
   340  070F  0084               	movwf	fsr0
   341  0710  1383               	bcf	status, 7	;select IRP bank0
   342                           	
   343  0711  0800               	movf	indf,w
   344  0712  00F3               	movwf	((??_main+0)+0+3)
   345  0713  0AF0               	incf	(??_main+0)+0,f
   346  0714  0871               	movf	((??_main+0)+0+1),w
   347  0715  0084               	movwf	fsr0
   348                           	
   349  0716  0873               	movf	((??_main+0)+0+3),w
   350  0717  0080               	movwf	indf
   351  0718  0AF1               	incf	((??_main+0)+0+1),f
   352  0719  0BF2               	decfsz	((??_main+0)+0+2),f
   353  071A  2F0E               	goto	u2230
   354  071B  2F1C               	goto	l1913
   355                           	line	10
   356                           ;stop.c: 10: while(1)
   357                           	
   358  071C                     l689:	
   359                           	line	12
   360                           	
   361  071C                     l1913:	
   362                           ;stop.c: 11: {
   363                           ;stop.c: 12: RD0=1;
   364  071C  1283               	bcf	status, 5	;RP0=0, select bank0
   365  071D  1303               	bcf	status, 6	;RP1=0, select bank0
   366  071E  1408               	bsf	(64/8),(64)&7
   367                           	line	13
   368                           	
   369  071F                     l1915:	
   370                           ;stop.c: 13: RD1=1;
   371  071F  1488               	bsf	(65/8),(65)&7
   372                           	line	14
   373                           	
   374  0720                     l1917:	
   375                           ;stop.c: 14: for(int i=0;i<10;i++)
   376  0720  01B6               	clrf	(main@i)
   377  0721  01B7               	clrf	(main@i+1)
   378                           	
   379  0722                     l1919:	
   380  0722  0837               	movf	(main@i+1),w
   381  0723  3A80               	xorlw	80h
   382  0724  00FF               	movwf	btemp+1
   383  0725  3080               	movlw	(high(0Ah))^80h
   384  0726  027F               	subwf	btemp+1,w
   385  0727  1D03               	skipz
   386  0728  2F2B               	goto	u2245
   387  0729  300A               	movlw	low(0Ah)
   388  072A  0236               	subwf	(main@i),w
   389  072B                     u2245:
   390                           
   391  072B  1C03               	skipc
   392  072C  2F2E               	goto	u2241
   393  072D  2F2F               	goto	u2240
   394  072E                     u2241:
   395  072E  2F31               	goto	l1923
   396  072F                     u2240:
   397  072F  2F1C               	goto	l1913
   398                           	
   399  0730                     l1921:	
   400  0730  2F1C               	goto	l1913
   401                           	line	15
   402                           	
   403  0731                     l690:	
   404                           	line	16
   405                           	
   406  0731                     l1923:	
   407                           ;stop.c: 15: {
   408                           ;stop.c: 16: for(int j=0;j<10;j++)
   409  0731  1283               	bcf	status, 5	;RP0=0, select bank0
   410  0732  1303               	bcf	status, 6	;RP1=0, select bank0
   411  0733  01B8               	clrf	(main@j)
   412  0734  01B9               	clrf	(main@j+1)
   413                           	
   414  0735                     l1925:	
   415  0735  0839               	movf	(main@j+1),w
   416  0736  3A80               	xorlw	80h
   417  0737  00FF               	movwf	btemp+1
   418  0738  3080               	movlw	(high(0Ah))^80h
   419  0739  027F               	subwf	btemp+1,w
   420  073A  1D03               	skipz
   421  073B  2F3E               	goto	u2255
   422  073C  300A               	movlw	low(0Ah)
   423  073D  0238               	subwf	(main@j),w
   424  073E                     u2255:
   425                           
   426  073E  1C03               	skipc
   427  073F  2F41               	goto	u2251
   428  0740  2F42               	goto	u2250
   429  0741                     u2251:
   430  0741  2F44               	goto	l1929
   431  0742                     u2250:
   432  0742  2FE5               	goto	l1971
   433                           	
   434  0743                     l1927:	
   435  0743  2FE5               	goto	l1971
   436                           	line	17
   437                           	
   438  0744                     l692:	
   439                           	line	18
   440                           	
   441  0744                     l1929:	
   442                           ;stop.c: 17: {
   443                           ;stop.c: 18: for(int k=0;k<50;k++)
   444  0744  1283               	bcf	status, 5	;RP0=0, select bank0
   445  0745  1303               	bcf	status, 6	;RP1=0, select bank0
   446  0746  01B4               	clrf	(main@k)
   447  0747  01B5               	clrf	(main@k+1)
   448                           	
   449  0748                     l1931:	
   450  0748  0835               	movf	(main@k+1),w
   451  0749  3A80               	xorlw	80h
   452  074A  00FF               	movwf	btemp+1
   453  074B  3080               	movlw	(high(032h))^80h
   454  074C  027F               	subwf	btemp+1,w
   455  074D  1D03               	skipz
   456  074E  2F51               	goto	u2265
   457  074F  3032               	movlw	low(032h)
   458  0750  0234               	subwf	(main@k),w
   459  0751                     u2265:
   460                           
   461  0751  1C03               	skipc
   462  0752  2F54               	goto	u2261
   463  0753  2F55               	goto	u2260
   464  0754                     u2261:
   465  0754  2F57               	goto	l694
   466  0755                     u2260:
   467  0755  2FCF               	goto	l1967
   468                           	
   469  0756                     l1933:	
   470  0756  2FCF               	goto	l1967
   471                           	line	19
   472                           	
   473  0757                     l694:	
   474                           	line	20
   475                           ;stop.c: 19: {
   476                           ;stop.c: 20: if(RC0==0)
   477  0757  1283               	bcf	status, 5	;RP0=0, select bank0
   478  0758  1303               	bcf	status, 6	;RP1=0, select bank0
   479  0759  1807               	btfsc	(56/8),(56)&7
   480  075A  2F5C               	goto	u2271
   481  075B  2F5D               	goto	u2270
   482  075C                     u2271:
   483  075C  2F90               	goto	l696
   484  075D                     u2270:
   485                           	line	22
   486                           ;stop.c: 21: {
   487                           ;stop.c: 22: while(1)
   488                           	
   489  075D                     l697:	
   490                           	line	24
   491                           ;stop.c: 23: {
   492                           ;stop.c: 24: RD0=1;
   493  075D  1408               	bsf	(64/8),(64)&7
   494                           	line	25
   495                           	
   496  075E                     l1935:	
   497                           ;stop.c: 25: _delay((unsigned long)((3)*(20000000/4000.0)));
   498                           	opt asmopt_off
   499  075E  3014               movlw	20
   500  075F  00F1               movwf	((??_main+0)+0+1),f
   501  0760  3079               	movlw	121
   502  0761  00F0               movwf	((??_main+0)+0),f
   503  0762                     u2327:
   504  0762  0BF0               	decfsz	((??_main+0)+0),f
   505  0763  2F62               	goto	u2327
   506  0764  0BF1               	decfsz	((??_main+0)+0+1),f
   507  0765  2F62               	goto	u2327
   508  0766  2F67               	nop2
   509                           opt asmopt_on
   510                           
   511                           	line	26
   512                           	
   513  0767                     l1937:	
   514                           ;stop.c: 26: RD1=0;
   515  0767  1283               	bcf	status, 5	;RP0=0, select bank0
   516  0768  1303               	bcf	status, 6	;RP1=0, select bank0
   517  0769  1088               	bcf	(65/8),(65)&7
   518                           	line	27
   519                           	
   520  076A                     l1939:	
   521                           ;stop.c: 27: PORTB=arr[i];
   522  076A  0836               	movf	(main@i),w
   523  076B  00F0               	movwf	(??_main+0)+0
   524  076C  0770               	addwf	(??_main+0)+0,w
   525  076D  3E20               	addlw	main@arr&0ffh
   526  076E  0084               	movwf	fsr0
   527  076F  1383               	bcf	status, 7	;select IRP bank0
   528  0770  0800               	movf	indf,w
   529  0771  0086               	movwf	(6)	;volatile
   530                           	line	29
   531                           	
   532  0772                     l1941:	
   533                           ;stop.c: 29: RD1=1;
   534  0772  1488               	bsf	(65/8),(65)&7
   535                           	line	30
   536                           	
   537  0773                     l1943:	
   538                           ;stop.c: 30: _delay((unsigned long)((3)*(20000000/4000.0)));
   539                           	opt asmopt_off
   540  0773  3014               movlw	20
   541  0774  00F1               movwf	((??_main+0)+0+1),f
   542  0775  3079               	movlw	121
   543  0776  00F0               movwf	((??_main+0)+0),f
   544  0777                     u2337:
   545  0777  0BF0               	decfsz	((??_main+0)+0),f
   546  0778  2F77               	goto	u2337
   547  0779  0BF1               	decfsz	((??_main+0)+0+1),f
   548  077A  2F77               	goto	u2337
   549  077B  2F7C               	nop2
   550                           opt asmopt_on
   551                           
   552                           	line	31
   553                           	
   554  077C                     l1945:	
   555                           ;stop.c: 31: RD0=0;
   556  077C  1283               	bcf	status, 5	;RP0=0, select bank0
   557  077D  1303               	bcf	status, 6	;RP1=0, select bank0
   558  077E  1008               	bcf	(64/8),(64)&7
   559                           	line	32
   560                           ;stop.c: 32: PORTB=arr[j];
   561  077F  0838               	movf	(main@j),w
   562  0780  00F0               	movwf	(??_main+0)+0
   563  0781  0770               	addwf	(??_main+0)+0,w
   564  0782  3E20               	addlw	main@arr&0ffh
   565  0783  0084               	movwf	fsr0
   566  0784  1383               	bcf	status, 7	;select IRP bank0
   567  0785  0800               	movf	indf,w
   568  0786  0086               	movwf	(6)	;volatile
   569                           	line	33
   570                           	
   571  0787                     l1947:	
   572                           ;stop.c: 33: if(RC0==1)
   573  0787  1C07               	btfss	(56/8),(56)&7
   574  0788  2F8A               	goto	u2281
   575  0789  2F8B               	goto	u2280
   576  078A                     u2281:
   577  078A  2F5D               	goto	l697
   578  078B                     u2280:
   579  078B  2FBB               	goto	l1963
   580                           	line	35
   581                           	
   582  078C                     l1949:	
   583                           ;stop.c: 34: {
   584                           ;stop.c: 35: break;
   585  078C  2FBB               	goto	l1963
   586                           	line	36
   587                           	
   588  078D                     l698:	
   589  078D  2F5D               	goto	l697
   590                           	line	37
   591                           	
   592  078E                     l700:	
   593                           	line	22
   594  078E  2F5D               	goto	l697
   595                           	
   596  078F                     l699:	
   597                           	line	38
   598                           ;stop.c: 36: }
   599                           ;stop.c: 37: }
   600                           ;stop.c: 38: }
   601  078F  2FBB               	goto	l1963
   602                           	line	39
   603                           	
   604  0790                     l696:	
   605                           	line	40
   606                           ;stop.c: 39: else{
   607                           ;stop.c: 40: RD0=1;
   608  0790  1408               	bsf	(64/8),(64)&7
   609                           	line	41
   610                           	
   611  0791                     l1951:	
   612                           ;stop.c: 41: _delay((unsigned long)((3)*(20000000/4000.0)));
   613                           	opt asmopt_off
   614  0791  3014               movlw	20
   615  0792  00F1               movwf	((??_main+0)+0+1),f
   616  0793  3079               	movlw	121
   617  0794  00F0               movwf	((??_main+0)+0),f
   618  0795                     u2347:
   619  0795  0BF0               	decfsz	((??_main+0)+0),f
   620  0796  2F95               	goto	u2347
   621  0797  0BF1               	decfsz	((??_main+0)+0+1),f
   622  0798  2F95               	goto	u2347
   623  0799  2F9A               	nop2
   624                           opt asmopt_on
   625                           
   626                           	line	42
   627                           	
   628  079A                     l1953:	
   629                           ;stop.c: 42: RD1=0;
   630  079A  1283               	bcf	status, 5	;RP0=0, select bank0
   631  079B  1303               	bcf	status, 6	;RP1=0, select bank0
   632  079C  1088               	bcf	(65/8),(65)&7
   633                           	line	43
   634                           	
   635  079D                     l1955:	
   636                           ;stop.c: 43: PORTB=arr[i];
   637  079D  0836               	movf	(main@i),w
   638  079E  00F0               	movwf	(??_main+0)+0
   639  079F  0770               	addwf	(??_main+0)+0,w
   640  07A0  3E20               	addlw	main@arr&0ffh
   641  07A1  0084               	movwf	fsr0
   642  07A2  1383               	bcf	status, 7	;select IRP bank0
   643  07A3  0800               	movf	indf,w
   644  07A4  0086               	movwf	(6)	;volatile
   645                           	line	45
   646                           	
   647  07A5                     l1957:	
   648                           ;stop.c: 45: RD1=1;
   649  07A5  1488               	bsf	(65/8),(65)&7
   650                           	line	46
   651                           	
   652  07A6                     l1959:	
   653                           ;stop.c: 46: _delay((unsigned long)((3)*(20000000/4000.0)));
   654                           	opt asmopt_off
   655  07A6  3014               movlw	20
   656  07A7  00F1               movwf	((??_main+0)+0+1),f
   657  07A8  3079               	movlw	121
   658  07A9  00F0               movwf	((??_main+0)+0),f
   659  07AA                     u2357:
   660  07AA  0BF0               	decfsz	((??_main+0)+0),f
   661  07AB  2FAA               	goto	u2357
   662  07AC  0BF1               	decfsz	((??_main+0)+0+1),f
   663  07AD  2FAA               	goto	u2357
   664  07AE  2FAF               	nop2
   665                           opt asmopt_on
   666                           
   667                           	line	47
   668                           	
   669  07AF                     l1961:	
   670                           ;stop.c: 47: RD0=0;
   671  07AF  1283               	bcf	status, 5	;RP0=0, select bank0
   672  07B0  1303               	bcf	status, 6	;RP1=0, select bank0
   673  07B1  1008               	bcf	(64/8),(64)&7
   674                           	line	48
   675                           ;stop.c: 48: PORTB=arr[j];
   676  07B2  0838               	movf	(main@j),w
   677  07B3  00F0               	movwf	(??_main+0)+0
   678  07B4  0770               	addwf	(??_main+0)+0,w
   679  07B5  3E20               	addlw	main@arr&0ffh
   680  07B6  0084               	movwf	fsr0
   681  07B7  1383               	bcf	status, 7	;select IRP bank0
   682  07B8  0800               	movf	indf,w
   683  07B9  0086               	movwf	(6)	;volatile
   684  07BA  2FBB               	goto	l1963
   685                           	line	49
   686                           	
   687  07BB                     l701:	
   688                           	line	18
   689                           	
   690  07BB                     l1963:	
   691  07BB  3001               	movlw	low(01h)
   692  07BC  07B4               	addwf	(main@k),f
   693  07BD  1803               	skipnc
   694  07BE  0AB5               	incf	(main@k+1),f
   695  07BF  3000               	movlw	high(01h)
   696  07C0  07B5               	addwf	(main@k+1),f
   697                           	
   698  07C1                     l1965:	
   699  07C1  0835               	movf	(main@k+1),w
   700  07C2  3A80               	xorlw	80h
   701  07C3  00FF               	movwf	btemp+1
   702  07C4  3080               	movlw	(high(032h))^80h
   703  07C5  027F               	subwf	btemp+1,w
   704  07C6  1D03               	skipz
   705  07C7  2FCA               	goto	u2295
   706  07C8  3032               	movlw	low(032h)
   707  07C9  0234               	subwf	(main@k),w
   708  07CA                     u2295:
   709                           
   710  07CA  1C03               	skipc
   711  07CB  2FCD               	goto	u2291
   712  07CC  2FCE               	goto	u2290
   713  07CD                     u2291:
   714  07CD  2F57               	goto	l694
   715  07CE                     u2290:
   716  07CE  2FCF               	goto	l1967
   717                           	
   718  07CF                     l695:	
   719                           	line	16
   720                           	
   721  07CF                     l1967:	
   722  07CF  3001               	movlw	low(01h)
   723  07D0  1283               	bcf	status, 5	;RP0=0, select bank0
   724  07D1  1303               	bcf	status, 6	;RP1=0, select bank0
   725  07D2  07B8               	addwf	(main@j),f
   726  07D3  1803               	skipnc
   727  07D4  0AB9               	incf	(main@j+1),f
   728  07D5  3000               	movlw	high(01h)
   729  07D6  07B9               	addwf	(main@j+1),f
   730                           	
   731  07D7                     l1969:	
   732  07D7  0839               	movf	(main@j+1),w
   733  07D8  3A80               	xorlw	80h
   734  07D9  00FF               	movwf	btemp+1
   735  07DA  3080               	movlw	(high(0Ah))^80h
   736  07DB  027F               	subwf	btemp+1,w
   737  07DC  1D03               	skipz
   738  07DD  2FE0               	goto	u2305
   739  07DE  300A               	movlw	low(0Ah)
   740  07DF  0238               	subwf	(main@j),w
   741  07E0                     u2305:
   742                           
   743  07E0  1C03               	skipc
   744  07E1  2FE3               	goto	u2301
   745  07E2  2FE4               	goto	u2300
   746  07E3                     u2301:
   747  07E3  2F44               	goto	l1929
   748  07E4                     u2300:
   749  07E4  2FE5               	goto	l1971
   750                           	
   751  07E5                     l693:	
   752                           	line	14
   753                           	
   754  07E5                     l1971:	
   755  07E5  3001               	movlw	low(01h)
   756  07E6  1283               	bcf	status, 5	;RP0=0, select bank0
   757  07E7  1303               	bcf	status, 6	;RP1=0, select bank0
   758  07E8  07B6               	addwf	(main@i),f
   759  07E9  1803               	skipnc
   760  07EA  0AB7               	incf	(main@i+1),f
   761  07EB  3000               	movlw	high(01h)
   762  07EC  07B7               	addwf	(main@i+1),f
   763                           	
   764  07ED                     l1973:	
   765  07ED  0837               	movf	(main@i+1),w
   766  07EE  3A80               	xorlw	80h
   767  07EF  00FF               	movwf	btemp+1
   768  07F0  3080               	movlw	(high(0Ah))^80h
   769  07F1  027F               	subwf	btemp+1,w
   770  07F2  1D03               	skipz
   771  07F3  2FF6               	goto	u2315
   772  07F4  300A               	movlw	low(0Ah)
   773  07F5  0236               	subwf	(main@i),w
   774  07F6                     u2315:
   775                           
   776  07F6  1C03               	skipc
   777  07F7  2FF9               	goto	u2311
   778  07F8  2FFA               	goto	u2310
   779  07F9                     u2311:
   780  07F9  2F31               	goto	l1923
   781  07FA                     u2310:
   782  07FA  2F1C               	goto	l1913
   783                           	
   784  07FB                     l691:	
   785  07FB  2F1C               	goto	l1913
   786                           	line	54
   787                           	
   788  07FC                     l702:	
   789                           	line	10
   790  07FC  2F1C               	goto	l1913
   791                           	
   792  07FD                     l703:	
   793                           	line	55
   794                           	
   795  07FD                     l704:	
   796                           	global	start
   797  07FD  120A  118A  2800   	ljmp	start
   798                           	opt stack 0
   799                           GLOBAL	__end_of_main
   800  0800                     	__end_of_main:
   801 ;; =============== function _main ends ============
   802                           
   803                           	signat	_main,88
   804                           psect	maintext
   805                           	global	btemp
   806  007E                     	btemp set 07Eh
   807                           
   808                           	DABS	1,126,2	;btemp
   809                           	global	wtemp0
   810  007E                     	wtemp0 set btemp


HI-TECH Software PICC Macro Assembler V9.81 build 7503 
Symbol Table                                                                                   Fri Sep 01 09:45:45 2023

                   pc 0002                    fsr 0004                   l700 078E                   l701 07BB  
                 l702 07FC                   l703 07FD                   l704 07FD                   l690 0731  
                 l691 07FB                   l692 0744                   l693 07E5                   l694 0757  
                 l695 07CF                   l696 0790                   l697 075D                   l689 071C  
                 l698 078D                   l699 078F                   _RC0 0038                   _RD0 0040  
                 _RD1 0041                   fsr0 0004                   indf 0000                  l1911 0706  
                l1921 0730                  l1913 071C                  l1931 0748                  l1923 0731  
                l1915 071F                  l1907 0701                  l1941 0772                  l1933 0756  
                l1925 0735                  l1917 0720                  l1909 0705                  l1951 0791  
                l1943 0773                  l1935 075E                  l1927 0743                  l1919 0722  
                l1961 07AF                  l1953 079A                  l1945 077C                  l1937 0767  
                l1929 0744                  l1955 079D                  l1963 07BB                  l1947 0787  
                l1939 076A                  l1971 07E5                  l1973 07ED                  l1965 07C1  
                l1957 07A5                  l1949 078C                  l1959 07A6                  l1967 07CF  
                l1969 07D7                  u2300 07E4                  u2301 07E3                  u2310 07FA  
                u2230 070E                  u2311 07F9                  u2240 072F                  u2305 07E0  
                u2241 072E                  u2250 0742                  u2315 07F6                  u2251 0741  
                u2260 0755                  u2261 0754                  u2245 072B                  u2270 075D  
                u2327 0762                  u2271 075C                  u2255 073E                  u2280 078B  
                u2281 078A                  u2337 0777                  u2265 0751                  u2290 07CE  
                u2291 07CD                  u2347 0795                  u2357 07AA                  u2295 07CA  
                _main 0701                  btemp 007E                  start 0000                 ?_main 0070  
               _PORTB 0006                 _TRISB 0086                 _TRISD 0088                 main@i 0036  
               main@j 0038                 main@k 0034                 pclath 000A                 status 0003  
               wtemp0 007E          __end_of_main 0800                ??_main 0070                _TRISC0 0438  
      __pcstackCOMMON 0070          __pidataBANK0 06ED            __pmaintext 0701               main@arr 0020  
end_of_initialization 06E9               init_ram 06CE   start_initialization 06DB           __pdataBANK0 003A  
       __pcstackBANK0 0020             main@F1084 003A             init_fetch 06CA         __size_of_main 00FF  
