

HI-TECH Software PIC LITE Macro Assembler V9.81 build 7503 
                                                                                               Sat Sep 09 12:11:17 2023

HI-TECH Software Omniscient Code Generator (Lite mode) build 7503
     1  0000                     opt subtitle "HI-TECH Software Omniscient Code Generator (Lite mode) build 7503"
     2                           
     3                           opt pagewidth 120
     4                           
     5                           	opt lm
     6                           
     7                           	processor	16F877A
     8                           clrc	macro
     9                           	bcf	3,0
    10  0000                     	endm
    11                           clrz	macro
    12                           	bcf	3,2
    13  0000                     	endm
    14                           setc	macro
    15                           	bsf	3,0
    16  0000                     	endm
    17                           setz	macro
    18                           	bsf	3,2
    19  0000                     	endm
    20                           skipc	macro
    21                           	btfss	3,0
    22  0000                     	endm
    23                           skipz	macro
    24                           	btfss	3,2
    25  0000                     	endm
    26                           skipnc	macro
    27                           	btfsc	3,0
    28  0000                     	endm
    29                           skipnz	macro
    30                           	btfsc	3,2
    31  0000                     	endm
    32  0000                     indf	equ	0
    33  0000                     indf0	equ	0
    34  0002                     pc	equ	2
    35  0002                     pcl	equ	2
    36  0003                     status	equ	3
    37  0004                     fsr	equ	4
    38  0004                     fsr0	equ	4
    39  0001                     c	equ	1
    40  0000                     z	equ	0
    41  000A                     pclath	equ	10
    42                           # 2 "G:\PIC ass\Timer\Timer0\timer_led_blink.c"
    43                           	psect config,class=CONFIG,delta=2 ;#
    44                           # 2 "G:\PIC ass\Timer\Timer0\timer_led_blink.c"
    45  2007  1F7A               	dw 0x1f7a ;#
    46                           	FNCALL	_main,_delay
    47                           	FNROOT	_main
    48                           	global	_PORTD
    49                           psect	text60,local,class=CODE,delta=2
    50                           global __ptext60
    51  0000                     __ptext60:
    52  0008                     _PORTD	set	8
    53                           	global	_TMR0
    54  0001                     _TMR0	set	1
    55                           	global	_TMR0IE
    56  005D                     _TMR0IE	set	93
    57                           	global	_TMR0IF
    58  005A                     _TMR0IF	set	90
    59                           	global	_OPTION_REG
    60  0081                     _OPTION_REG	set	129
    61                           	global	_TRISD
    62  0088                     _TRISD	set	136
    63                           	file	"timer_led_blink.as"
    64                           	line	#
    65                           psect cinit,class=CODE,delta=2
    66                           global start_initialization
    67  07D1                     start_initialization:
    68                           
    69                           psect cinit,class=CODE,delta=2
    70                           global end_of_initialization
    71                           
    72                           ;End of C runtime variable initialization code
    73                           
    74  07D1                     end_of_initialization:
    75  07D1  0183               clrf status
    76  07D2  120A  118A  2FE6   ljmp _main	;jump to C main() function
    77                           psect	cstackCOMMON,class=COMMON,space=1
    78                           global __pcstackCOMMON
    79  0000                     __pcstackCOMMON:
    80                           	global	?_delay
    81  0000                     ?_delay:	; 0 bytes @ 0x0
    82                           	global	??_delay
    83  0000                     ??_delay:	; 0 bytes @ 0x0
    84                           	global	?_main
    85  0000                     ?_main:	; 0 bytes @ 0x0
    86                           	global	??_main
    87  0000                     ??_main:	; 0 bytes @ 0x0
    88 ;;Data sizes: Strings 0, constant 0, data 0, bss 0, persistent 0 stack 0
    89 ;;Auto spaces:   Size  Autos    Used
    90 ;; COMMON          14      0       0
    91 ;; BANK0           80      0       0
    92 ;; BANK1           80      0       0
    93 ;; BANK3           96      0       0
    94 ;; BANK2           96      0       0
    95                           
    96 ;;
    97 ;; Pointer list with targets:
    98                           
    99                           
   100                           
   101 ;;
   102 ;; Critical Paths under _main in COMMON
   103 ;;
   104 ;;   None.
   105 ;;
   106 ;; Critical Paths under _main in BANK0
   107 ;;
   108 ;;   None.
   109 ;;
   110 ;; Critical Paths under _main in BANK1
   111 ;;
   112 ;;   None.
   113 ;;
   114 ;; Critical Paths under _main in BANK3
   115 ;;
   116 ;;   None.
   117 ;;
   118 ;; Critical Paths under _main in BANK2
   119 ;;
   120 ;;   None.
   121                           
   122 ;;
   123 ;;Main: autosize = 0, tempsize = 0, incstack = 0, save=0
   124 ;;
   125                           
   126 ;;
   127 ;;Call Graph Tables:
   128 ;;
   129 ;; ---------------------------------------------------------------------------------
   130 ;; (Depth) Function   	        Calls       Base Space   Used Autos Params    Refs
   131 ;; ---------------------------------------------------------------------------------
   132 ;; (0) _main                                                 0     0      0       0
   133 ;;                              _delay
   134 ;; ---------------------------------------------------------------------------------
   135 ;; (1) _delay                                                0     0      0       0
   136 ;; ---------------------------------------------------------------------------------
   137 ;; Estimated maximum stack depth 1
   138 ;; ---------------------------------------------------------------------------------
   139                           
   140 ;; Call Graph Graphs:
   141                           
   142 ;; _main (ROOT)
   143 ;;   _delay
   144 ;;
   145                           
   146 ;; Address spaces:
   147                           
   148 ;;Name               Size   Autos  Total    Cost      Usage
   149 ;;BITCOMMON            E      0       0       0        0.0%
   150 ;;EEDATA             100      0       0       0        0.0%
   151 ;;NULL                 0      0       0       0        0.0%
   152 ;;CODE                 0      0       0       0        0.0%
   153 ;;COMMON               E      0       0       1        0.0%
   154 ;;BITSFR0              0      0       0       1        0.0%
   155 ;;SFR0                 0      0       0       1        0.0%
   156 ;;BITSFR1              0      0       0       2        0.0%
   157 ;;SFR1                 0      0       0       2        0.0%
   158 ;;STACK                0      0       1       2        0.0%
   159 ;;ABS                  0      0       0       3        0.0%
   160 ;;BITBANK0            50      0       0       4        0.0%
   161 ;;BITSFR3              0      0       0       4        0.0%
   162 ;;SFR3                 0      0       0       4        0.0%
   163 ;;BANK0               50      0       0       5        0.0%
   164 ;;BITSFR2              0      0       0       5        0.0%
   165 ;;SFR2                 0      0       0       5        0.0%
   166 ;;BITBANK1            50      0       0       6        0.0%
   167 ;;BANK1               50      0       0       7        0.0%
   168 ;;BITBANK3            60      0       0       8        0.0%
   169 ;;BANK3               60      0       0       9        0.0%
   170 ;;BITBANK2            60      0       0      10        0.0%
   171 ;;BANK2               60      0       0      11        0.0%
   172 ;;DATA                 0      0       0      12        0.0%
   173                           
   174                           	global	_main
   175                           psect	maintext,global,class=CODE,delta=2
   176                           global __pmaintext
   177  07E6                     __pmaintext:
   178                           
   179 ;; *************** function _main *****************
   180 ;; Defined at:
   181 ;;		line 6 in file "G:\PIC ass\Timer\Timer0\timer_led_blink.c"
   182 ;; Parameters:    Size  Location     Type
   183 ;;		None
   184 ;; Auto vars:     Size  Location     Type
   185 ;;		None
   186 ;; Return value:  Size  Location     Type
   187 ;;		None               void
   188 ;; Registers used:
   189 ;;		wreg, status,2, status,0, pclath, cstack
   190 ;; Tracked objects:
   191 ;;		On entry : 17F/0
   192 ;;		On exit  : 0/0
   193 ;;		Unchanged: 0/0
   194 ;; Data sizes:     COMMON   BANK0   BANK1   BANK3   BANK2
   195 ;;      Params:         0       0       0       0       0
   196 ;;      Locals:         0       0       0       0       0
   197 ;;      Temps:          0       0       0       0       0
   198 ;;      Totals:         0       0       0       0       0
   199 ;;Total ram usage:        0 bytes
   200 ;; Hardware stack levels required when called:    1
   201 ;; This function calls:
   202 ;;		_delay
   203 ;; This function is called by:
   204 ;;		Startup code after reset
   205 ;; This function uses a non-reentrant model
   206 ;;
   207                           psect	maintext
   208                           	file	"G:\PIC ass\Timer\Timer0\timer_led_blink.c"
   209                           	line	6
   210                           	global	__size_of_main
   211  001A                     	__size_of_main	equ	__end_of_main-_main
   212                           	
   213  07E6                     _main:	
   214                           	opt	stack 7
   215                           ; Regs used in _main: [wreg+status,2+status,0+pclath+cstack]
   216                           	line	7
   217                           	
   218  07E6                     l1835:	
   219                           ;timer_led_blink.c: 7: TRISD=0;
   220  07E6  1683               	bsf	status, 5	;RP0=1, select bank1
   221  07E7  1303               	bcf	status, 6	;RP1=0, select bank1
   222  07E8  0188               	clrf	(136)^080h	;volatile
   223  07E9  2FEA               	goto	l1837
   224                           	line	8
   225                           ;timer_led_blink.c: 8: while(1)
   226                           	
   227  07EA                     l687:	
   228                           	line	10
   229                           	
   230  07EA                     l1837:	
   231                           ;timer_led_blink.c: 9: {
   232                           ;timer_led_blink.c: 10: PORTD=0x01;
   233  07EA  3001               	movlw	(01h)
   234  07EB  1283               	bcf	status, 5	;RP0=0, select bank0
   235  07EC  1303               	bcf	status, 6	;RP1=0, select bank0
   236  07ED  0088               	movwf	(8)	;volatile
   237                           	line	11
   238                           	
   239  07EE                     l1839:	
   240                           ;timer_led_blink.c: 11: delay();
   241  07EE  120A  118A  27D5   	fcall	_delay
              120A  118A         
   242                           	line	12
   243                           	
   244  07F3                     l1841:	
   245                           ;timer_led_blink.c: 12: PORTD=0;
   246  07F3  1283               	bcf	status, 5	;RP0=0, select bank0
   247  07F4  1303               	bcf	status, 6	;RP1=0, select bank0
   248  07F5  0188               	clrf	(8)	;volatile
   249                           	line	13
   250                           	
   251  07F6                     l1843:	
   252                           ;timer_led_blink.c: 13: delay();
   253  07F6  120A  118A  27D5   	fcall	_delay
              120A  118A         
   254  07FB  2FEA               	goto	l1837
   255                           	line	14
   256                           	
   257  07FC                     l688:	
   258                           	line	8
   259  07FC  2FEA               	goto	l1837
   260                           	
   261  07FD                     l689:	
   262                           	line	15
   263                           	
   264  07FD                     l690:	
   265                           	global	start
   266  07FD  120A  118A  2800   	ljmp	start
   267                           	opt stack 0
   268                           GLOBAL	__end_of_main
   269  0800                     	__end_of_main:
   270 ;; =============== function _main ends ============
   271                           
   272                           	signat	_main,88
   273                           	global	_delay
   274                           psect	text61,local,class=CODE,delta=2
   275                           global __ptext61
   276  07D5                     __ptext61:
   277                           
   278 ;; *************** function _delay *****************
   279 ;; Defined at:
   280 ;;		line 17 in file "G:\PIC ass\Timer\Timer0\timer_led_blink.c"
   281 ;; Parameters:    Size  Location     Type
   282 ;;		None
   283 ;; Auto vars:     Size  Location     Type
   284 ;;		None
   285 ;; Return value:  Size  Location     Type
   286 ;;		None               void
   287 ;; Registers used:
   288 ;;		wreg
   289 ;; Tracked objects:
   290 ;;		On entry : 0/0
   291 ;;		On exit  : 0/0
   292 ;;		Unchanged: 0/0
   293 ;; Data sizes:     COMMON   BANK0   BANK1   BANK3   BANK2
   294 ;;      Params:         0       0       0       0       0
   295 ;;      Locals:         0       0       0       0       0
   296 ;;      Temps:          0       0       0       0       0
   297 ;;      Totals:         0       0       0       0       0
   298 ;;Total ram usage:        0 bytes
   299 ;; Hardware stack levels used:    1
   300 ;; This function calls:
   301 ;;		Nothing
   302 ;; This function is called by:
   303 ;;		_main
   304 ;; This function uses a non-reentrant model
   305 ;;
   306                           psect	text61
   307                           	file	"G:\PIC ass\Timer\Timer0\timer_led_blink.c"
   308                           	line	17
   309                           	global	__size_of_delay
   310  0011                     	__size_of_delay	equ	__end_of_delay-_delay
   311                           	
   312  07D5                     _delay:	
   313                           	opt	stack 7
   314                           ; Regs used in _delay: [wreg]
   315                           	line	18
   316                           	
   317  07D5                     l1065:	
   318                           ;timer_led_blink.c: 18: OPTION_REG=0x07;
   319  07D5  3007               	movlw	(07h)
   320  07D6  1683               	bsf	status, 5	;RP0=1, select bank1
   321  07D7  1303               	bcf	status, 6	;RP1=0, select bank1
   322  07D8  0081               	movwf	(129)^080h	;volatile
   323                           	line	19
   324                           ;timer_led_blink.c: 19: TMR0=0x02;
   325  07D9  3002               	movlw	(02h)
   326  07DA  1283               	bcf	status, 5	;RP0=0, select bank0
   327  07DB  1303               	bcf	status, 6	;RP1=0, select bank0
   328  07DC  0081               	movwf	(1)	;volatile
   329                           	line	20
   330                           	
   331  07DD                     l1067:	
   332                           ;timer_led_blink.c: 20: TMR0IE=1;
   333  07DD  168B               	bsf	(93/8),(93)&7
   334                           	line	21
   335                           ;timer_led_blink.c: 21: while(TMR0IF==1);
   336  07DE  2FDF               	goto	l693
   337                           	
   338  07DF                     l694:	
   339                           	
   340  07DF                     l693:	
   341  07DF  190B               	btfsc	(90/8),(90)&7
   342  07E0  2FE2               	goto	u11
   343  07E1  2FE3               	goto	u10
   344  07E2                     u11:
   345  07E2  2FDF               	goto	l693
   346  07E3                     u10:
   347                           	
   348  07E3                     l695:	
   349                           	line	22
   350                           ;timer_led_blink.c: 22: TMR0IE=0;
   351  07E3  128B               	bcf	(93/8),(93)&7
   352                           	line	23
   353                           ;timer_led_blink.c: 23: TMR0IF=0;
   354  07E4  110B               	bcf	(90/8),(90)&7
   355                           	line	24
   356                           	
   357  07E5                     l696:	
   358  07E5  0008               	return
   359                           	opt stack 0
   360                           GLOBAL	__end_of_delay
   361  07E6                     	__end_of_delay:
   362 ;; =============== function _delay ends ============
   363                           
   364                           	signat	_delay,88
   365                           psect	text62,local,class=CODE,delta=2
   366                           global __ptext62
   367  0000                     __ptext62:
   368                           	global	btemp
   369  007E                     	btemp set 07Eh
   370                           
   371                           	DABS	1,126,2	;btemp
   372                           	global	wtemp0
   373  007E                     	wtemp0 set btemp


HI-TECH Software PICC Macro Assembler V9.81 build 7503 
Symbol Table                                                                                   Sat Sep 09 12:11:17 2023

                  u10 07E3                    u11 07E2                   l690 07FD                   l693 07DF  
                 l694 07DF                   l695 07E3                   l687 07EA                   l696 07E5  
                 l688 07FC                   l689 07FD                  l1065 07D5                  l1067 07DD  
                l1841 07F3                  l1843 07F6                  l1835 07E6                  l1837 07EA  
                l1839 07EE                  _TMR0 0001                  _main 07E6                  btemp 007E  
                start 0000                 ?_main 0000                 _PORTD 0008                 _TRISD 0088  
               _delay 07D5                 status 0003                 wtemp0 007E          __end_of_main 0800  
              ??_main 0000                ?_delay 0000                _TMR0IE 005D                _TMR0IF 005A  
      __pcstackCOMMON 0000         __end_of_delay 07E6               ??_delay 0000            __pmaintext 07E6  
end_of_initialization 07D1   start_initialization 07D1        __size_of_delay 0011              __ptext60 0000  
            __ptext61 07D5              __ptext62 0000         __size_of_main 001A            _OPTION_REG 0081  
