

HI-TECH Software PIC LITE Macro Assembler V9.81 build 7503 
                                                                                               Thu Aug 31 06:08:01 2023

HI-TECH Software Omniscient Code Generator (Lite mode) build 7503
     1  0000                     opt subtitle "HI-TECH Software Omniscient Code Generator (Lite mode) build 7503"
     2                           
     3                           opt pagewidth 120
     4                           
     5                           	opt lm
     6                           
     7                           	processor	16F877A
     8                           clrc	macro
     9                           	bcf	3,0
    10  0000                     	endm
    11                           clrz	macro
    12                           	bcf	3,2
    13  0000                     	endm
    14                           setc	macro
    15                           	bsf	3,0
    16  0000                     	endm
    17                           setz	macro
    18                           	bsf	3,2
    19  0000                     	endm
    20                           skipc	macro
    21                           	btfss	3,0
    22  0000                     	endm
    23                           skipz	macro
    24                           	btfss	3,2
    25  0000                     	endm
    26                           skipnc	macro
    27                           	btfsc	3,0
    28  0000                     	endm
    29                           skipnz	macro
    30                           	btfsc	3,2
    31  0000                     	endm
    32  0000                     indf	equ	0
    33  0000                     indf0	equ	0
    34  0002                     pc	equ	2
    35  0002                     pcl	equ	2
    36  0003                     status	equ	3
    37  0004                     fsr	equ	4
    38  0004                     fsr0	equ	4
    39  0001                     c	equ	1
    40  0000                     z	equ	0
    41  000A                     pclath	equ	10
    42                           # 2 "G:\PIC ass\7SEGMENT\7segWitharr\1.c"
    43                           	psect config,class=CONFIG,delta=2 ;#
    44                           # 2 "G:\PIC ass\7SEGMENT\7segWitharr\1.c"
    45  2007  1F7A               	dw 0x1f7a ;#
    46                           	FNROOT	_main
    47                           	global	main@F1084
    48                           psect	idataBANK0,class=CODE,space=0,delta=2
    49                           global __pidataBANK0
    50  0778                     __pidataBANK0:
    51                           	file	"G:\PIC ass\7SEGMENT\7segWitharr\1.c"
    52                           	line	7
    53                           
    54                           ;initializer for main@F1084
    55  0778  34C0               	retlw	0C0h
    56  0779  34F9               	retlw	0F9h
    57  077A  34A4               	retlw	0A4h
    58  077B  34B0               	retlw	0B0h
    59  077C  3499               	retlw	099h
    60  077D  3492               	retlw	092h
    61  077E  3482               	retlw	082h
    62  077F  34F8               	retlw	0F8h
    63  0780  3480               	retlw	080h
    64  0781  3490               	retlw	090h
    65                           	global	_PORTD
    66  0008                     _PORTD	set	8
    67                           	global	_TRISD
    68  0088                     _TRISD	set	136
    69                           	file	"1.c.as"
    70                           	line	#
    71                           psect cinit,class=CODE,delta=2
    72                           global start_initialization
    73  0793                     start_initialization:
    74                           
    75                           psect	dataBANK0,class=BANK0,space=1
    76                           global __pdataBANK0
    77  002C                     __pdataBANK0:
    78                           	file	"G:\PIC ass\7SEGMENT\7segWitharr\1.c"
    79  002C                     main@F1084:
    80  002C                            ds      10
    81                           
    82                           global btemp
    83                           psect inittext,class=CODE,delta=2
    84                           global init_fetch,btemp
    85                           ;	Called with low address in FSR and high address in W
    86  0782                     init_fetch:
    87  0782  087E               	movf btemp,w
    88  0783  008A               	movwf pclath
    89  0784  087F               	movf btemp+1,w
    90  0785  0082               	movwf pc
    91                           global init_ram
    92                           ;Called with:
    93                           ;	high address of idata address in btemp 
    94                           ;	low address of idata address in btemp+1 
    95                           ;	low address of data in FSR
    96                           ;	high address + 1 of data in btemp-1
    97  0786                     init_ram:
    98  0786  2782  120A  118A   	fcall init_fetch
    99  0789  0080               	movwf indf,f
   100  078A  0A84               	incf fsr,f
   101  078B  0804               	movf fsr,w
   102  078C  067D               	xorwf btemp-1,w
   103  078D  1903               	btfsc status,2
   104  078E  3400               	retlw 0
   105  078F  0AFF               	incf btemp+1,f
   106  0790  1903               	btfsc status,2
   107  0791  0AFE               	incf btemp,f
   108  0792  2F86               	goto init_ram
   109                           ; Initialize objects allocated to BANK0
   110                           psect cinit,class=CODE,delta=2
   111                           global init_ram, __pidataBANK0
   112  0793  1383               	bcf	status, 7	;select IRP bank0
   113  0794  3036               	movlw low(__pdataBANK0+10)
   114  0795  00FD               	movwf btemp-1,f
   115  0796  3007               	movlw high(__pidataBANK0)
   116  0797  00FE               	movwf btemp,f
   117  0798  3078               	movlw low(__pidataBANK0)
   118  0799  00FF               	movwf btemp+1,f
   119  079A  302C               	movlw low(__pdataBANK0)
   120  079B  0084               	movwf fsr,f
   121  079C  120A  118A  2786   	fcall init_ram
              120A  118A         
   122                           psect cinit,class=CODE,delta=2
   123                           global end_of_initialization
   124                           
   125                           ;End of C runtime variable initialization code
   126                           
   127  07A1                     end_of_initialization:
   128  07A1  0183               clrf status
   129  07A2  120A  118A  2FA5   ljmp _main	;jump to C main() function
   130                           psect	cstackCOMMON,class=COMMON,space=1
   131                           global __pcstackCOMMON
   132  0070                     __pcstackCOMMON:
   133                           	global	?_main
   134  0070                     ?_main:	; 0 bytes @ 0x0
   135                           	global	??_main
   136  0070                     ??_main:	; 0 bytes @ 0x0
   137  0070                     	ds	4
   138                           psect	cstackBANK0,class=BANK0,space=1
   139                           global __pcstackBANK0
   140  0020                     __pcstackBANK0:
   141                           	global	main@arr
   142  0020                     main@arr:	; 10 bytes @ 0x0
   143  0020                     	ds	10
   144                           	global	main@i
   145  002A                     main@i:	; 2 bytes @ 0xA
   146  002A                     	ds	2
   147 ;;Data sizes: Strings 0, constant 0, data 10, bss 0, persistent 0 stack 0
   148 ;;Auto spaces:   Size  Autos    Used
   149 ;; COMMON          14      4       4
   150 ;; BANK0           80     12      22
   151 ;; BANK1           80      0       0
   152 ;; BANK3           96      0       0
   153 ;; BANK2           96      0       0
   154                           
   155 ;;
   156 ;; Pointer list with targets:
   157                           
   158                           
   159                           
   160 ;;
   161 ;; Critical Paths under _main in COMMON
   162 ;;
   163 ;;   None.
   164 ;;
   165 ;; Critical Paths under _main in BANK0
   166 ;;
   167 ;;   None.
   168 ;;
   169 ;; Critical Paths under _main in BANK1
   170 ;;
   171 ;;   None.
   172 ;;
   173 ;; Critical Paths under _main in BANK3
   174 ;;
   175 ;;   None.
   176 ;;
   177 ;; Critical Paths under _main in BANK2
   178 ;;
   179 ;;   None.
   180                           
   181 ;;
   182 ;;Main: autosize = 0, tempsize = 4, incstack = 0, save=0
   183 ;;
   184                           
   185 ;;
   186 ;;Call Graph Tables:
   187 ;;
   188 ;; ---------------------------------------------------------------------------------
   189 ;; (Depth) Function   	        Calls       Base Space   Used Autos Params    Refs
   190 ;; ---------------------------------------------------------------------------------
   191 ;; (0) _main                                                16    16      0      92
   192 ;;                                              0 COMMON     4     4      0
   193 ;;                                              0 BANK0     12    12      0
   194 ;; ---------------------------------------------------------------------------------
   195 ;; Estimated maximum stack depth 0
   196 ;; ---------------------------------------------------------------------------------
   197                           
   198 ;; Call Graph Graphs:
   199                           
   200 ;; _main (ROOT)
   201 ;;
   202                           
   203 ;; Address spaces:
   204                           
   205 ;;Name               Size   Autos  Total    Cost      Usage
   206 ;;BANK3               60      0       0       9        0.0%
   207 ;;BITBANK3            60      0       0       8        0.0%
   208 ;;SFR3                 0      0       0       4        0.0%
   209 ;;BITSFR3              0      0       0       4        0.0%
   210 ;;BANK2               60      0       0      11        0.0%
   211 ;;BITBANK2            60      0       0      10        0.0%
   212 ;;SFR2                 0      0       0       5        0.0%
   213 ;;BITSFR2              0      0       0       5        0.0%
   214 ;;SFR1                 0      0       0       2        0.0%
   215 ;;BITSFR1              0      0       0       2        0.0%
   216 ;;BANK1               50      0       0       7        0.0%
   217 ;;BITBANK1            50      0       0       6        0.0%
   218 ;;CODE                 0      0       0       0        0.0%
   219 ;;DATA                 0      0      1A      12        0.0%
   220 ;;ABS                  0      0      1A       3        0.0%
   221 ;;NULL                 0      0       0       0        0.0%
   222 ;;STACK                0      0       0       2        0.0%
   223 ;;BANK0               50      C      16       5       27.5%
   224 ;;BITBANK0            50      0       0       4        0.0%
   225 ;;SFR0                 0      0       0       1        0.0%
   226 ;;BITSFR0              0      0       0       1        0.0%
   227 ;;COMMON               E      4       4       1       28.6%
   228 ;;BITCOMMON            E      0       0       0        0.0%
   229 ;;EEDATA             100      0       0       0        0.0%
   230                           
   231                           	global	_main
   232                           psect	maintext,global,class=CODE,delta=2
   233                           global __pmaintext
   234  07A5                     __pmaintext:
   235                           
   236 ;; *************** function _main *****************
   237 ;; Defined at:
   238 ;;		line 5 in file "G:\PIC ass\7SEGMENT\7segWitharr\1.c"
   239 ;; Parameters:    Size  Location     Type
   240 ;;		None
   241 ;; Auto vars:     Size  Location     Type
   242 ;;  i               2   10[BANK0 ] int 
   243 ;;  arr            10    0[BANK0 ] unsigned char [10]
   244 ;; Return value:  Size  Location     Type
   245 ;;		None               void
   246 ;; Registers used:
   247 ;;		wreg, fsr0l, fsr0h, status,2, status,0, btemp+1
   248 ;; Tracked objects:
   249 ;;		On entry : 17F/0
   250 ;;		On exit  : 0/0
   251 ;;		Unchanged: 0/0
   252 ;; Data sizes:     COMMON   BANK0   BANK1   BANK3   BANK2
   253 ;;      Params:         0       0       0       0       0
   254 ;;      Locals:         0      12       0       0       0
   255 ;;      Temps:          4       0       0       0       0
   256 ;;      Totals:         4      12       0       0       0
   257 ;;Total ram usage:       16 bytes
   258 ;; This function calls:
   259 ;;		Nothing
   260 ;; This function is called by:
   261 ;;		Startup code after reset
   262 ;; This function uses a non-reentrant model
   263 ;;
   264                           psect	maintext
   265                           	file	"G:\PIC ass\7SEGMENT\7segWitharr\1.c"
   266                           	line	5
   267                           	global	__size_of_main
   268  005B                     	__size_of_main	equ	__end_of_main-_main
   269                           	
   270  07A5                     _main:	
   271                           	opt	stack 8
   272                           ; Regs used in _main: [wreg-fsr0h+status,2+status,0+btemp+1]
   273                           	line	6
   274                           	
   275  07A5                     l1847:	
   276                           ;1.c: 6: TRISD=0;
   277  07A5  1683               	bsf	status, 5	;RP0=1, select bank1
   278  07A6  1303               	bcf	status, 6	;RP1=0, select bank1
   279  07A7  0188               	clrf	(136)^080h	;volatile
   280                           	line	7
   281                           	
   282  07A8                     l1849:	
   283                           ;1.c: 7: char arr[10]={0xc0,0xf9,0xa4,0xb0,0x99,0x92,0x82,0xf8,0x80,0x90};
   284  07A8  3020               	movlw	(main@arr)&0ffh
   285  07A9  0084               	movwf	fsr0
   286  07AA  302C               	movlw	low(main@F1084)
   287  07AB  00F0               	movwf	(??_main+0)+0
   288  07AC  0804               	movf	fsr0,w
   289  07AD  00F1               	movwf	((??_main+0)+0+1)
   290  07AE  300A               	movlw	10
   291  07AF  00F2               	movwf	((??_main+0)+0+2)
   292  07B0                     u2170:
   293  07B0  0870               	movf	(??_main+0)+0,w
   294  07B1  0084               	movwf	fsr0
   295  07B2  1383               	bcf	status, 7	;select IRP bank0
   296                           	
   297  07B3  0800               	movf	indf,w
   298  07B4  00F3               	movwf	((??_main+0)+0+3)
   299  07B5  0AF0               	incf	(??_main+0)+0,f
   300  07B6  0871               	movf	((??_main+0)+0+1),w
   301  07B7  0084               	movwf	fsr0
   302                           	
   303  07B8  0873               	movf	((??_main+0)+0+3),w
   304  07B9  0080               	movwf	indf
   305  07BA  0AF1               	incf	((??_main+0)+0+1),f
   306  07BB  0BF2               	decfsz	((??_main+0)+0+2),f
   307  07BC  2FB0               	goto	u2170
   308  07BD  2FBE               	goto	l1851
   309                           	line	8
   310                           ;1.c: 8: while(1)
   311                           	
   312  07BE                     l689:	
   313                           	line	10
   314                           	
   315  07BE                     l1851:	
   316                           ;1.c: 9: {
   317                           ;1.c: 10: for(int i=0;i<10;i++)
   318  07BE  1283               	bcf	status, 5	;RP0=0, select bank0
   319  07BF  1303               	bcf	status, 6	;RP1=0, select bank0
   320  07C0  01AA               	clrf	(main@i)
   321  07C1  01AB               	clrf	(main@i+1)
   322                           	
   323  07C2                     l1853:	
   324  07C2  082B               	movf	(main@i+1),w
   325  07C3  3A80               	xorlw	80h
   326  07C4  00FF               	movwf	btemp+1
   327  07C5  3080               	movlw	(high(0Ah))^80h
   328  07C6  027F               	subwf	btemp+1,w
   329  07C7  1D03               	skipz
   330  07C8  2FCB               	goto	u2185
   331  07C9  300A               	movlw	low(0Ah)
   332  07CA  022A               	subwf	(main@i),w
   333  07CB                     u2185:
   334                           
   335  07CB  1C03               	skipc
   336  07CC  2FCE               	goto	u2181
   337  07CD  2FCF               	goto	u2180
   338  07CE                     u2181:
   339  07CE  2FD1               	goto	l1857
   340  07CF                     u2180:
   341  07CF  2FBE               	goto	l1851
   342                           	
   343  07D0                     l1855:	
   344  07D0  2FBE               	goto	l1851
   345                           	line	11
   346                           	
   347  07D1                     l690:	
   348                           	line	12
   349                           	
   350  07D1                     l1857:	
   351                           ;1.c: 11: {
   352                           ;1.c: 12: PORTD=arr[i];
   353  07D1  1283               	bcf	status, 5	;RP0=0, select bank0
   354  07D2  1303               	bcf	status, 6	;RP1=0, select bank0
   355  07D3  082A               	movf	(main@i),w
   356  07D4  3E20               	addlw	main@arr&0ffh
   357  07D5  0084               	movwf	fsr0
   358  07D6  1383               	bcf	status, 7	;select IRP bank0
   359  07D7  0800               	movf	indf,w
   360  07D8  0088               	movwf	(8)	;volatile
   361                           	line	13
   362                           	
   363  07D9                     l1859:	
   364                           ;1.c: 13: _delay((unsigned long)((1000)*(20000000/4000.0)));
   365                           	opt asmopt_off
   366  07D9  301A               movlw  26
   367  07DA  00F2               movwf	((??_main+0)+0+2),f
   368  07DB  3045               movlw	69
   369  07DC  00F1               movwf	((??_main+0)+0+1),f
   370  07DD  307E               	movlw	126
   371  07DE  00F0               movwf	((??_main+0)+0),f
   372  07DF                     u2207:
   373  07DF  0BF0               	decfsz	((??_main+0)+0),f
   374  07E0  2FDF               	goto	u2207
   375  07E1  0BF1               	decfsz	((??_main+0)+0+1),f
   376  07E2  2FDF               	goto	u2207
   377  07E3  0BF2               	decfsz	((??_main+0)+0+2),f
   378  07E4  2FDF               	goto	u2207
   379                           opt asmopt_on
   380                           
   381                           	line	10
   382                           	
   383  07E5                     l1861:	
   384  07E5  3001               	movlw	low(01h)
   385  07E6  1283               	bcf	status, 5	;RP0=0, select bank0
   386  07E7  1303               	bcf	status, 6	;RP1=0, select bank0
   387  07E8  07AA               	addwf	(main@i),f
   388  07E9  1803               	skipnc
   389  07EA  0AAB               	incf	(main@i+1),f
   390  07EB  3000               	movlw	high(01h)
   391  07EC  07AB               	addwf	(main@i+1),f
   392                           	
   393  07ED                     l1863:	
   394  07ED  082B               	movf	(main@i+1),w
   395  07EE  3A80               	xorlw	80h
   396  07EF  00FF               	movwf	btemp+1
   397  07F0  3080               	movlw	(high(0Ah))^80h
   398  07F1  027F               	subwf	btemp+1,w
   399  07F2  1D03               	skipz
   400  07F3  2FF6               	goto	u2195
   401  07F4  300A               	movlw	low(0Ah)
   402  07F5  022A               	subwf	(main@i),w
   403  07F6                     u2195:
   404                           
   405  07F6  1C03               	skipc
   406  07F7  2FF9               	goto	u2191
   407  07F8  2FFA               	goto	u2190
   408  07F9                     u2191:
   409  07F9  2FD1               	goto	l1857
   410  07FA                     u2190:
   411  07FA  2FBE               	goto	l1851
   412                           	
   413  07FB                     l691:	
   414  07FB  2FBE               	goto	l1851
   415                           	line	15
   416                           	
   417  07FC                     l692:	
   418                           	line	8
   419  07FC  2FBE               	goto	l1851
   420                           	
   421  07FD                     l693:	
   422                           	line	16
   423                           	
   424  07FD                     l694:	
   425                           	global	start
   426  07FD  120A  118A  2800   	ljmp	start
   427                           	opt stack 0
   428                           GLOBAL	__end_of_main
   429  0800                     	__end_of_main:
   430 ;; =============== function _main ends ============
   431                           
   432                           	signat	_main,88
   433                           psect	maintext
   434                           	global	btemp
   435  007E                     	btemp set 07Eh
   436                           
   437                           	DABS	1,126,2	;btemp
   438                           	global	wtemp0
   439  007E                     	wtemp0 set btemp


HI-TECH Software PICC Macro Assembler V9.81 build 7503 
Symbol Table                                                                                   Thu Aug 31 06:08:01 2023

                   pc 0002                    fsr 0004                   l690 07D1                   l691 07FB  
                 l692 07FC                   l693 07FD                   l694 07FD                   l689 07BE  
                 fsr0 0004                   indf 0000                  l1851 07BE                  l1861 07E5  
                l1853 07C2                  l1863 07ED                  l1855 07D0                  l1847 07A5  
                l1857 07D1                  l1849 07A8                  l1859 07D9                  u2207 07DF  
                u2170 07B0                  u2180 07CF                  u2181 07CE                  u2190 07FA  
                u2191 07F9                  u2185 07CB                  u2195 07F6                  _main 07A5  
                btemp 007E                  start 0000                 ?_main 0070                 _PORTD 0008  
               _TRISD 0088                 main@i 002A                 pclath 000A                 status 0003  
               wtemp0 007E          __end_of_main 0800                ??_main 0070        __pcstackCOMMON 0070  
        __pidataBANK0 0778            __pmaintext 07A5               main@arr 0020  end_of_initialization 07A1  
             init_ram 0786   start_initialization 0793           __pdataBANK0 002C         __pcstackBANK0 0020  
           main@F1084 002C             init_fetch 0782         __size_of_main 005B  
