HI-TECH Software C Compiler 

Linker command line:

--edf=C:\Program Files (x86)\HI-TECH Software\PICC\9.81\dat\en_msgs.txt -cs \
  -h+name_8x8_matrix.sym -z -Q16F877A -ol.obj -Mname_8x8_matrix.map -E1 \
  -ACONST=00h-0FFhx32 -ACODE=00h-07FFhx4 -ASTRCODE=00h-01FFFh \
  -AENTRY=00h-0FFhx32 -ASTRING=00h-0FFhx32 -ABANK0=020h-06Fh \
  -ABANK1=0A0h-0EFh -ABANK2=0110h-016Fh -ABANK3=0190h-01EFh \
  -ARAM=020h-06Fh,0A0h-0EFh,0110h-016Fh,0190h-01EFh \
  -AABS1=020h-07Fh,0A0h-0EFh,0110h-016Fh,0190h-01EFh -ACOMMON=070h-07Fh \
  -ASFR0=00h-01Fh -ASFR1=080h-09Fh -ASFR2=0100h-010Fh -ASFR3=0180h-018Fh \
  -preset_vec=00h,intentry,init,end_init -ppowerup=CODE -pfunctab=CODE \
  -ACONFIG=02007h-02007h -pconfig=CONFIG -DCONFIG=2 -AIDLOC=02000h-02003h \
  -pidloc=IDLOC -DIDLOC=2 -AEEDATA=00h-0FFh/02100h -peeprom_data=EEDATA \
  -DEEDATA=2 -DCODE=2 -DSTRCODE=2 -DSTRING=2 -DCONST=2 -DENTRY=2 -k \
  startup.obj name_8x8_matrix.obj 

Object code version is 3.10

Machine type is 16F877A



                Name                               Link     Load   Length Selector   Space Scale
startup.obj     end_init                              0        0        3        0       0
name_8x8_matrix.obj
                config                             2007     2007        1     400E       0
                text97                              6B3      6B3       2A      D66       0
                text96                              789      789       77      F12       0
                maintext                            725      725       64      E4A       0
                cstackBANK0                          68       68        5       20       1
                cstackCOMMON                         70       70        A       70       1
                inittext                            690      690       11      D20       0
                dataBANK0                            20       20       48       20       1
                cinit                               6A1      6A1       12      D42       0
                idataBANK0                          6DD      6DD       48      DBA       0

TOTAL           Name                               Link     Load   Length     Space
        CLASS   CONST          

        CLASS   CODE           
                end_init                              0        0        3         0
                text97                              6B3      6B3       2A         0
                text96                              789      789       77         0
                maintext                            725      725       64         0
                inittext                            690      690       11         0
                cinit                               6A1      6A1       12         0
                idataBANK0                          6DD      6DD       48         0

        CLASS   STRCODE        

        CLASS   ENTRY          

        CLASS   STRING         

        CLASS   BANK0          
                cstackBANK0                          68       68        5         1
                dataBANK0                            20       20       48         1

        CLASS   BANK1          

        CLASS   BANK2          

        CLASS   BANK3          

        CLASS   RAM            

        CLASS   ABS1           
                abs_s1                               7E       7E        2         1

        CLASS   COMMON         
                cstackCOMMON                         70       70        A         1

        CLASS   SFR0           

        CLASS   SFR1           

        CLASS   SFR2           

        CLASS   SFR3           

        CLASS   CONFIG         
                config                             2007     2007        1         0

        CLASS   IDLOC          

        CLASS   EEDATA         



SEGMENTS        Name                           Load    Length   Top    Selector   Space  Class     Delta

                reset_vec                      000000  000003  000003         0       0  CODE        2
                dataBANK0                      000020  00004D  00006D        20       1  BANK0       1
                cstackCOMMON                   000070  00000A  00007A        70       1  COMMON      1
                inittext                       000690  000011  0006A1       D20       0  CODE        2
                cinit                          0006A1  000012  0006B3       D42       0  CODE        2
                text97                         0006B3  00002A  0006DD       D66       0  CODE        2
                idataBANK0                     0006DD  000048  000725       DBA       0  CODE        2
                maintext                       000725  000064  000789       E4A       0  CODE        2
                text96                         000789  000077  000800       F12       0  CODE        2
                config                         002007  000001  002008      400E       0  CONFIG      2


UNUSED ADDRESS RANGES

        Name                Unused          Largest block    Delta
        BANK0            006D-006F              3           1
        BANK1            00A0-00EF             50           1
        BANK2            0110-016F             60           1
        BANK3            0190-01EF             60           1
        CODE             0003-068F            68D           2
                         0800-1FFF            800
        COMMON           007A-007D              4           1
        CONST            0003-068F            100           2
                         0800-1FFF            100
        EEDATA           2100-21FF            100           2
        ENTRY            0003-068F            100           2
                         0800-1FFF            100
        IDLOC            2000-2003              4           2
        RAM              006D-006F              3           1
                         00A0-00EF             50
                         0110-016F             60
                         0190-01EF             60
        SFR0             0000-001F             20           1
        SFR1             0080-009F             20           1
        SFR2             0100-010F             10           1
        SFR3             0180-018F             10           1
        STRCODE          0003-068F            68D           2
                         0800-1FFF           1800
        STRING           0003-068F            100           2
                         0800-1FFF            100

                                  Symbol Table

??___wmul             cstackCOMMON 0074
??_main               cstackCOMMON 007A
??_print_name         cstackCOMMON 0078
?___wmul              cstackCOMMON 0070
?_main                cstackCOMMON 0070
?_print_name          cstackCOMMON 0076
_PORTC                (abs)        0007
_PORTD                (abs)        0008
_TRISC                (abs)        0087
_TRISD                (abs)        0088
__Habs1               abs1         0000
__Hbank0              bank0        0000
__Hbank1              bank1        0000
__Hbank2              bank2        0000
__Hbank3              bank3        0000
__Hcinit              cinit        0000
__Hclrtext            clrtext      0000
__Hcode               code         0000
__Hcommon             common       0000
__Hconfig             config       2008
__HcstackBANK0        cstackBANK0  0000
__HcstackCOMMON       cstackCOMMON 0000
__HdataBANK0          dataBANK0    0000
__Heeprom_data        eeprom_data  0000
__Hend_init           end_init     0003
__Hfunctab            functab      0000
__HidataBANK0         idataBANK0   0000
__Hidloc              idloc        0000
__Hinit               init         0000
__Hinittext           inittext     0000
__Hintentry           intentry     0000
__Hmaintext           maintext     0000
__Hpowerup            powerup      0000
__Hram                ram          0000
__Hreset_vec          reset_vec    0000
__Hsfr0               sfr0         0000
__Hsfr1               sfr1         0000
__Hsfr2               sfr2         0000
__Hsfr3               sfr3         0000
__Hstrings            strings      0000
__Htext               text         0000
__Labs1               abs1         0000
__Lbank0              bank0        0000
__Lbank1              bank1        0000
__Lbank2              bank2        0000
__Lbank3              bank3        0000
__Lcinit              cinit        0000
__Lclrtext            clrtext      0000
__Lcode               code         0000
__Lcommon             common       0000
__Lconfig             config       2007
__LcstackBANK0        cstackBANK0  0000
__LcstackCOMMON       cstackCOMMON 0000
__LdataBANK0          dataBANK0    0000
__Leeprom_data        eeprom_data  0000
__Lend_init           end_init     0000
__Lfunctab            functab      0000
__LidataBANK0         idataBANK0   0000
__Lidloc              idloc        0000
__Linit               init         0000
__Linittext           inittext     0000
__Lintentry           intentry     0000
__Lmaintext           maintext     0000
__Lpowerup            powerup      0000
__Lram                ram          0000
__Lreset_vec          reset_vec    0000
__Lsfr0               sfr0         0000
__Lsfr1               sfr1         0000
__Lsfr2               sfr2         0000
__Lsfr3               sfr3         0000
__Lstrings            strings      0000
__Ltext               text         0000
__S0                  (abs)        2008
__S1                  (abs)        007A
__S2                  (abs)        0000
___wmul               text97       06B3
___wmul@multiplicand  cstackCOMMON 0072
___wmul@multiplier    cstackCOMMON 0070
___wmul@product       cstackCOMMON 0074
__end_of___wmul       text97       06DD
__end_of_main         maintext     0789
__end_of_print_name   text96       0800
__pcstackBANK0        cstackBANK0  0068
__pcstackCOMMON       cstackCOMMON 0070
__pdataBANK0          dataBANK0    0020
__pidataBANK0         idataBANK0   06DD
__pmaintext           maintext     0725
__ptext96             text96       0789
__ptext97             text97       06B3
__ptext98             text98       0000
__size_of___wmul      (abs)        0000
__size_of_main        (abs)        0000
__size_of_print_name  (abs)        0000
_digit0               dataBANK0    0020
_digit1               dataBANK0    0028
_digit2               dataBANK0    0030
_digit3               dataBANK0    0038
_digit4               dataBANK0    0040
_digit5               dataBANK0    0048
_digit6               dataBANK0    0050
_digit7               dataBANK0    0058
_digit8               dataBANK0    0060
_exit                 init         0000
_main                 maintext     0725
_print_name           text96       0789
btemp                 (abs)        007E
end_of_initialization cinit        06AF
init_fetch            inittext     0690
init_ram              inittext     0694
intlevel0             functab      0000
intlevel1             functab      0000
intlevel2             functab      0000
intlevel3             functab      0000
intlevel4             functab      0000
intlevel5             functab      0000
print_name@digit      cstackBANK0  0068
print_name@i          cstackBANK0  0069
print_name@j          cstackBANK0  006B
print_name@sec        cstackCOMMON 0076
reset_vec             reset_vec    0000
start                 init         0000
start_initialization  cinit        06A1
wtemp0                (abs)        007E
